// Jest Snapshot v1, https://goo.gl/fbAQLP

exports[`honors first of the sortableField list 1`] = `
Object {
  "sortable": Array [
    Object {
      "content": "# Page With Index 1 Content",
      "index": 1,
      "title": "Page With Index 1",
    },
    Object {
      "content": "# Page With Index 2 Content",
      "index": 2,
      "title": "Page With Index 2",
    },
  ],
}
`;

exports[`reads yaml data 1`] = `
Object {
  "layout": Object {
    "footer": Object {
      "content": "Footer Content",
      "copyright": "Â© 2019 Copyright",
    },
    "navbar": Object {
      "title": "Navbar Title",
    },
  },
  "pages": Array [
    Object {
      "content": "# About Page Content",
      "path": "/about",
      "title": "About Page",
    },
    Object {
      "content": "# Index Page Content",
      "path": "/",
      "title": "Index Page",
    },
  ],
}
`;

exports[`reads yaml data with filtered folder collections 1`] = `
Object {
  "filtered_to_a_and_b": Array [
    Object {
      "content": "# Content with filter set to A or B",
      "filter": Array [
        "A",
        "B",
      ],
      "title": "To be filtered to A or B",
    },
  ],
  "filtered_to_c_and_d": Array [
    Object {
      "content": "# Content with filter set to C or D",
      "filter": Array [
        "D",
        "C",
      ],
      "title": "To be filtered to C or D",
    },
  ],
  "unfiltered": Array [
    Object {
      "content": "# Content with filter set to A or B",
      "filter": Array [
        "A",
        "B",
      ],
      "title": "To be filtered to A or B",
    },
    Object {
      "content": "# Content with filter set to C or D",
      "filter": Array [
        "D",
        "C",
      ],
      "title": "To be filtered to C or D",
    },
  ],
}
`;
